------------------------------------------------------------
Timing Analyzer Summary
------------------------------------------------------------

Type  : Slow 1200mV 85C Model Setup 'iCLK'
Slack : -1.112
TNS   : -4.536

Type  : Slow 1200mV 85C Model Hold 'iCLK'
Slack : 0.407
TNS   : 0.000

Type  : Slow 1200mV 85C Model Recovery 'iCLK'
Slack : 0.848
TNS   : 0.000

Type  : Slow 1200mV 85C Model Removal 'iCLK'
Slack : 1.790
TNS   : 0.000

Type  : Slow 1200mV 85C Model Minimum Pulse Width 'iCLK'
Slack : 9.624
TNS   : 0.000

Type  : Slow 1200mV 0C Model Setup 'iCLK'
Slack : 0.550
TNS   : 0.000

Type  : Slow 1200mV 0C Model Hold 'iCLK'
Slack : 0.365
TNS   : 0.000

Type  : Slow 1200mV 0C Model Recovery 'iCLK'
Slack : 2.396
TNS   : 0.000

Type  : Slow 1200mV 0C Model Removal 'iCLK'
Slack : 1.629
TNS   : 0.000

Type  : Slow 1200mV 0C Model Minimum Pulse Width 'iCLK'
Slack : 9.648
TNS   : 0.000

Type  : Fast 1200mV 0C Model Setup 'iCLK'
Slack : 9.814
TNS   : 0.000

Type  : Fast 1200mV 0C Model Hold 'iCLK'
Slack : 0.188
TNS   : 0.000

Type  : Fast 1200mV 0C Model Recovery 'iCLK'
Slack : 7.029
TNS   : 0.000

Type  : Fast 1200mV 0C Model Removal 'iCLK'
Slack : 0.971
TNS   : 0.000

Type  : Fast 1200mV 0C Model Minimum Pulse Width 'iCLK'
Slack : 9.373
TNS   : 0.000

------------------------------------------------------------
